/Users/wangjunju/Library/Python/3.9/lib/python/site-packages/urllib3/__init__.py:35: NotOpenSSLWarning: urllib3 v2 only supports OpenSSL 1.1.1+, currently the 'ssl' module is compiled with 'LibreSSL 2.8.3'. See: https://github.com/urllib3/urllib3/issues/3020
  warnings.warn(
INFO:     Started server process [76286]
INFO:     Waiting for application startup.
INFO:     Application startup complete.
INFO:     Uvicorn running on http://0.0.0.0:28600 (Press CTRL+C to quit)
[MockData] Loaded: 2 targets, 2 resources, 3 routes, 2 areas, 1 fake action-sequence plan
[Zenoh] Initializing...
[Zenoh] Session initialized (ROUTER MODE)
[Zenoh] Config path: None
[ZK Backend] Zenoh ready.
[Zenoh] feedback subscribed: mgmt/t01/g01/vZD04/cmd/ack
[Zenoh] feedback subscribed: op/t01/g01/vZD04/mission/task_received_status
[Zenoh] feedback subscribed: op/t01/g01/vZD04/mission/mission_status
[Zenoh] feedback subscribed: op/t01/g01/vZD04/resource/chassis_resource
[ZK Backend] Mock data loaded. Ready.
INFO:     127.0.0.1:58724 - "GET /health HTTP/1.1" 200 OK

────────────────────────────────────────────────────────────
[→ IN ] GET /health | client=127.0.0.1:58724 | status=200 | time=3.53ms
[Response Body]
{
  "status": "ok",
  "service": "zk-backend"
}
────────────────────────────────────────────────────────────

[AS-DEBUG] query_plans_operator: data is list, len=20, limit=20
INFO:     127.0.0.1:58726 - "GET /api/v1/action-sequences/operator/plans HTTP/1.1" 200 OK

────────────────────────────────────────────────────────────
[→ IN ] GET /api/v1/action-sequences/operator/plans | client=127.0.0.1:58726 | status=200 | time=100.45ms
[Response Body]
{
  "code": 200,
  "message": "success",
  "data": {
    "items": [
      {
        "plan_id": "FAKE_ACTION_SEQUENCE_LOCAL_001",
        "resource_id": "plan:FAKE_ACTION_SEQUENCE_LOCAL_001",
        "title": "行动序列参数调测方案-本地假数据",
        "description": "包含底盘、火力、侦打、巡逻、电磁、空地六类车型的全部协议元任务（不含整车模式、自定义打击、通信中继车）",
        "state": "DRAFT",
        "teams_count": 1,
        "stages_count": 1
      },
      {
        "plan_id": "plan-1020",
        "resource_id": "plan:plan-1020",
        "title": "对敌东部目标实施侦察行动方案",
        "description": "",
        "state": "DRAFT",
        "teams_count": 0,
        "stages_count": 0
      },
      {
        "plan_id": "plan-1021",
        "resource_id": "plan:plan-1021",
        "title": "东部方向侦察任务行动方案",
        "description": "",
        "state": "DRAFT",
        "teams_count": 0,
        "stages_count": 0
      },
      {
        "plan_id": "plan-1022",
        "resource_id": "plan:plan-1022",
        "title": "东部方向侦察任务行动方案",
        "description": "",
        "state": "DRAFT",
        "teams_count": 0,
        "stages_count": 0
      },
      {
        "plan_id": "plan-1023",
        "resource_id": "plan:plan-1023",
        "title": "东部方向侦察群任务命令行动方案",
        "description": "",
        "state": "DRAFT",
        "teams_count": 0,
        "stages_count": 0
      },
      {
        "plan_id": "plan-1024",
        "resource_id": "plan:plan-1024",
        "title": "对敌东部目标群实施侦察行动方案",
        "description": "",
        "state": "DRAFT",
        "teams_count": 0,
        "stages_count": 0
      },
      {
        "plan_id": "plan-1025",
        "resource_id": "plan:plan-1025",
        "title": "东部区域敌目标侦察行动方案",
        "description": "",
        "state": "DRAFT",
        "teams_count": 0,
        "stages_count": 0
      },
      {
        "plan_id": "plan-1026",
        "resource_id": "plan:plan-1026",
        "title": "东部区域敌目标侦察行动方案",
        "description": "",
        "state": "DRAFT",
        "teams_count": 0,
        "stages_count": 0
      },
      {
        "plan_id": "plan-1027",
        "resource_id": "plan:plan-1027",
        "title": "区域B目标侦察确认行动方案",
        "description": "",
        "state": "DRAFT",
        "teams_count": 2,
        "stages_count": 3
      },
      {
        "plan_id": "plan-1028",
        "resource_id": "plan:plan-1028",
        "title": "区域B目标侦察确认行动方案",
        "description": "",
        "state": "DRAFT",
        "teams_count": 0,
        "stages_count": 0
      },
      {
        "plan_id": "plan-1029",
        "resource_id": "plan:plan-1029",
        "title": "区域B目标侦察确认行动方案",
        "description": "",
        "state": "DRAFT",
        "teams_count": 0,
        "stages_count": 0
      },
      {
        "plan_id": "plan-1030",
        "resource_id": "plan:plan-1030",
        "title": "区域B目标侦察确认行动方案",
        "description": "",
        "state": "DRAFT",
        "teams_count": 0,
        "stages_count": 0
      },
      {
        "plan_id": "plan-1031",
        "resource_id": "plan:plan-1031",
        "title": "区域B目标侦察确认行动方案",
        "description": "",
        "state": "DRAFT",
        "teams_count": 0,
        "stages_count": 0
      },
      {
        "plan_id": "plan-1032",
        "resource_id": "plan:plan-1032",
        "title": "区域B目标侦察确认行动方案",
        "description": "",
        "state": "DRAFT",
        "teams_count": 0,
        "stages_count": 0
      },
      {
        "plan_id": "plan-1033",
        "resource_id": "plan:plan-1033",
        "title": "区域B目标侦察确认行动方案",
        "description": "",
        "state": "DRAFT",
        "teams_count": 0,
        "stages_count": 0
      },
      {
        "plan_id": "plan-1034",
        "resource_id": "plan:plan-1034",
        "title": "侦察区域B军事目标行动方案",
        "description": "",
        "state": "DRAFT",
        "teams_count": 0,
        "stages_count": 0
      },
      {
        "plan_id": "plan-1035",
        "resource_id": "plan:plan-1035",
        "title": "侦察区域B军事目标行动方案",
        "description": "",
        "state": "DRAFT",
        "teams_count": 0,
        "stages_count": 0
      },
      {
        "plan_id": "plan-1036",
        "resource_id": "plan:plan-1036",
        "title": "侦察区域B军事目标行动方案",
        "description": "",
        "state": "DRAFT",
        "teams_count": 0,
        "stages_count": 0
      },
      {
        "plan_id": "plan-1037",
        "resource_id": "plan:plan-1037",
        "title": "侦察区域B军事目标行动方案",
        "description": "",
        "state": "DRAFT",
        "teams_count": 0,
        "stages_count": 0
      },
      {
        "plan_id": "plan-1038",
        "resource_id": "plan:plan-1038",
        "title": "侦察区域B军事目标行动方案",
        "description": "",
        "state": "DRAFT",
        "teams_count": 0,
        "stages_count": 0
      },
      {
        "plan_id": "plan-1039",
        "resource_id": "plan:plan-1039",
        "title": "侦察区域B军事目标行动方案",
        "description": "",
        "state": "DRAFT",
        "teams_count": 0,
        "stages_count": 0
      }
    ],
    "total": 21
  }
}
────────────────────────────────────────────────────────────

INFO:     127.0.0.1:58729 - "GET /api/v1/action-sequences/operator/plans/plan-1020 HTTP/1.1" 200 OK

────────────────────────────────────────────────────────────
[→ IN ] GET /api/v1/action-sequences/operator/plans/plan-1020 | client=127.0.0.1:58729 | status=200 | time=31.45ms
[Response Body]
{
  "code": 200,
  "message": "success",
  "data": {
    "plan_id": "plan-1020",
    "resource_id": "plan:plan-1020",
    "title": "对敌东部目标实施侦察行动方案",
    "description": "",
    "state": "DRAFT",
    "stages": [],
    "teams": [],
    "targets": [
      {
        "target_id": "task_target:target_21745b",
        "target_type": "facility",
        "target_name": "target_21745b:指挥所",
        "target_description": "敌方地下指挥所，需获取出入口精确坐标、掩体厚度估算、天线类型"
      },
      {
        "target_id": "task_target:target_3f499b",
        "target_type": "region",
        "target_name": "target_3f499b:区域B",
        "target_description": "敌方重要目标群所在区域，包含地下指挥所、火控雷达及弹药燃料混合存储点"
      },
      {
        "target_id": "task_target:target_42a32d",
        "target_type": "facility",
        "target_name": "target_42a32d:弹药燃料点",
        "target_description": "敌方弹药燃料混合存储点，需获取地表伪装物特征、通风口位置、是否有温控迹象"
      },
      {
        "target_id": "task_target:target_952809",
        "target_type": "position",
        "target_name": "target_952809:集结点A",
        "target_description": "人员集结、装备检查及任务出发位置"
      },
      {
        "target_id": "task_target:target_dd5787",
        "target_type": "vehicle",
        "target_name": "target_dd5787:火控雷达",
        "target_description": "敌方火控雷达，需获取雷达型号（或频段）、工作时段、车辆进出痕迹"
      }
    ],
    "car_actions": [],
    "vehicle_summary": [],
    "runtime_state": {
      "state": "SCHEDULED",
      "started_at": null,
      "paused_at": null,
      "updated_at": null
    }
  }
}
────────────────────────────────────────────────────────────

[AS-DEBUG] query_plans_operator: data is list, len=20, limit=20
INFO:     127.0.0.1:58735 - "GET /api/v1/action-sequences/operator/plans HTTP/1.1" 200 OK

────────────────────────────────────────────────────────────
[→ IN ] GET /api/v1/action-sequences/operator/plans | client=127.0.0.1:58735 | status=200 | time=82.65ms
[Response Body]
{
  "code": 200,
  "message": "success",
  "data": {
    "items": [
      {
        "plan_id": "FAKE_ACTION_SEQUENCE_LOCAL_001",
        "resource_id": "plan:FAKE_ACTION_SEQUENCE_LOCAL_001",
        "title": "行动序列参数调测方案-本地假数据",
        "description": "包含底盘、火力、侦打、巡逻、电磁、空地六类车型的全部协议元任务（不含整车模式、自定义打击、通信中继车）",
        "state": "DRAFT",
        "teams_count": 1,
        "stages_count": 1
      },
      {
        "plan_id": "plan-1020",
        "resource_id": "plan:plan-1020",
        "title": "对敌东部目标实施侦察行动方案",
        "description": "",
        "state": "DRAFT",
        "teams_count": 0,
        "stages_count": 0
      },
      {
        "plan_id": "plan-1021",
        "resource_id": "plan:plan-1021",
        "title": "东部方向侦察任务行动方案",
        "description": "",
        "state": "DRAFT",
        "teams_count": 0,
        "stages_count": 0
      },
      {
        "plan_id": "plan-1022",
        "resource_id": "plan:plan-1022",
        "title": "东部方向侦察任务行动方案",
        "description": "",
        "state": "DRAFT",
        "teams_count": 0,
        "stages_count": 0
      },
      {
        "plan_id": "plan-1023",
        "resource_id": "plan:plan-1023",
        "title": "东部方向侦察群任务命令行动方案",
        "description": "",
        "state": "DRAFT",
        "teams_count": 0,
        "stages_count": 0
      },
      {
        "plan_id": "plan-1024",
        "resource_id": "plan:plan-1024",
        "title": "对敌东部目标群实施侦察行动方案",
        "description": "",
        "state": "DRAFT",
        "teams_count": 0,
        "stages_count": 0
      },
      {
        "plan_id": "plan-1025",
        "resource_id": "plan:plan-1025",
        "title": "东部区域敌目标侦察行动方案",
        "description": "",
        "state": "DRAFT",
        "teams_count": 0,
        "stages_count": 0
      },
      {
        "plan_id": "plan-1026",
        "resource_id": "plan:plan-1026",
        "title": "东部区域敌目标侦察行动方案",
        "description": "",
        "state": "DRAFT",
        "teams_count": 0,
        "stages_count": 0
      },
      {
        "plan_id": "plan-1027",
        "resource_id": "plan:plan-1027",
        "title": "区域B目标侦察确认行动方案",
        "description": "",
        "state": "DRAFT",
        "teams_count": 2,
        "stages_count": 3
      },
      {
        "plan_id": "plan-1028",
        "resource_id": "plan:plan-1028",
        "title": "区域B目标侦察确认行动方案",
        "description": "",
        "state": "DRAFT",
        "teams_count": 0,
        "stages_count": 0
      },
      {
        "plan_id": "plan-1029",
        "resource_id": "plan:plan-1029",
        "title": "区域B目标侦察确认行动方案",
        "description": "",
        "state": "DRAFT",
        "teams_count": 0,
        "stages_count": 0
      },
      {
        "plan_id": "plan-1030",
        "resource_id": "plan:plan-1030",
        "title": "区域B目标侦察确认行动方案",
        "description": "",
        "state": "DRAFT",
        "teams_count": 0,
        "stages_count": 0
      },
      {
        "plan_id": "plan-1031",
        "resource_id": "plan:plan-1031",
        "title": "区域B目标侦察确认行动方案",
        "description": "",
        "state": "DRAFT",
        "teams_count": 0,
        "stages_count": 0
      },
      {
        "plan_id": "plan-1032",
        "resource_id": "plan:plan-1032",
        "title": "区域B目标侦察确认行动方案",
        "description": "",
        "state": "DRAFT",
        "teams_count": 0,
        "stages_count": 0
      },
      {
        "plan_id": "plan-1033",
        "resource_id": "plan:plan-1033",
        "title": "区域B目标侦察确认行动方案",
        "description": "",
        "state": "DRAFT",
        "teams_count": 0,
        "stages_count": 0
      },
      {
        "plan_id": "plan-1034",
        "resource_id": "plan:plan-1034",
        "title": "侦察区域B军事目标行动方案",
        "description": "",
        "state": "DRAFT",
        "teams_count": 0,
        "stages_count": 0
      },
      {
        "plan_id": "plan-1035",
        "resource_id": "plan:plan-1035",
        "title": "侦察区域B军事目标行动方案",
        "description": "",
        "state": "DRAFT",
        "teams_count": 0,
        "stages_count": 0
      },
      {
        "plan_id": "plan-1036",
        "resource_id": "plan:plan-1036",
        "title": "侦察区域B军事目标行动方案",
        "description": "",
        "state": "DRAFT",
        "teams_count": 0,
        "stages_count": 0
      },
      {
        "plan_id": "plan-1037",
        "resource_id": "plan:plan-1037",
        "title": "侦察区域B军事目标行动方案",
        "description": "",
        "state": "DRAFT",
        "teams_count": 0,
        "stages_count": 0
      },
      {
        "plan_id": "plan-1038",
        "resource_id": "plan:plan-1038",
        "title": "侦察区域B军事目标行动方案",
        "description": "",
        "state": "DRAFT",
        "teams_count": 0,
        "stages_count": 0
      },
      {
        "plan_id": "plan-1039",
        "resource_id": "plan:plan-1039",
        "title": "侦察区域B军事目标行动方案",
        "description": "",
        "state": "DRAFT",
        "teams_count": 0,
        "stages_count": 0
      }
    ],
    "total": 21
  }
}
────────────────────────────────────────────────────────────

INFO:     127.0.0.1:58755 - "GET /api/v1/action-sequences/operator/plans/plan-1020 HTTP/1.1" 200 OK

────────────────────────────────────────────────────────────
[→ IN ] GET /api/v1/action-sequences/operator/plans/plan-1020 | client=127.0.0.1:58755 | status=200 | time=30.65ms
[Response Body]
{
  "code": 200,
  "message": "success",
  "data": {
    "plan_id": "plan-1020",
    "resource_id": "plan:plan-1020",
    "title": "对敌东部目标实施侦察行动方案",
    "description": "",
    "state": "DRAFT",
    "stages": [],
    "teams": [],
    "targets": [
      {
        "target_id": "task_target:target_21745b",
        "target_type": "facility",
        "target_name": "target_21745b:指挥所",
        "target_description": "敌方地下指挥所，需获取出入口精确坐标、掩体厚度估算、天线类型"
      },
      {
        "target_id": "task_target:target_3f499b",
        "target_type": "region",
        "target_name": "target_3f499b:区域B",
        "target_description": "敌方重要目标群所在区域，包含地下指挥所、火控雷达及弹药燃料混合存储点"
      },
      {
        "target_id": "task_target:target_42a32d",
        "target_type": "facility",
        "target_name": "target_42a32d:弹药燃料点",
        "target_description": "敌方弹药燃料混合存储点，需获取地表伪装物特征、通风口位置、是否有温控迹象"
      },
      {
        "target_id": "task_target:target_952809",
        "target_type": "position",
        "target_name": "target_952809:集结点A",
        "target_description": "人员集结、装备检查及任务出发位置"
      },
      {
        "target_id": "task_target:target_dd5787",
        "target_type": "vehicle",
        "target_name": "target_dd5787:火控雷达",
        "target_description": "敌方火控雷达，需获取雷达型号（或频段）、工作时段、车辆进出痕迹"
      }
    ],
    "car_actions": [],
    "vehicle_summary": [],
    "runtime_state": {
      "state": "SCHEDULED",
      "started_at": null,
      "paused_at": null,
      "updated_at": null
    }
  }
}
────────────────────────────────────────────────────────────

[AS-DEBUG] query_plans_operator: data is list, len=20, limit=20
INFO:     127.0.0.1:58770 - "GET /api/v1/action-sequences/operator/plans HTTP/1.1" 200 OK

────────────────────────────────────────────────────────────
[→ IN ] GET /api/v1/action-sequences/operator/plans | client=127.0.0.1:58770 | status=200 | time=68.79ms
[Response Body]
{
  "code": 200,
  "message": "success",
  "data": {
    "items": [
      {
        "plan_id": "FAKE_ACTION_SEQUENCE_LOCAL_001",
        "resource_id": "plan:FAKE_ACTION_SEQUENCE_LOCAL_001",
        "title": "行动序列参数调测方案-本地假数据",
        "description": "包含底盘、火力、侦打、巡逻、电磁、空地六类车型的全部协议元任务（不含整车模式、自定义打击、通信中继车）",
        "state": "DRAFT",
        "teams_count": 1,
        "stages_count": 1
      },
      {
        "plan_id": "plan-1020",
        "resource_id": "plan:plan-1020",
        "title": "对敌东部目标实施侦察行动方案",
        "description": "",
        "state": "DRAFT",
        "teams_count": 0,
        "stages_count": 0
      },
      {
        "plan_id": "plan-1021",
        "resource_id": "plan:plan-1021",
        "title": "东部方向侦察任务行动方案",
        "description": "",
        "state": "DRAFT",
        "teams_count": 0,
        "stages_count": 0
      },
      {
        "plan_id": "plan-1022",
        "resource_id": "plan:plan-1022",
        "title": "东部方向侦察任务行动方案",
        "description": "",
        "state": "DRAFT",
        "teams_count": 0,
        "stages_count": 0
      },
      {
        "plan_id": "plan-1023",
        "resource_id": "plan:plan-1023",
        "title": "东部方向侦察群任务命令行动方案",
        "description": "",
        "state": "DRAFT",
        "teams_count": 0,
        "stages_count": 0
      },
      {
        "plan_id": "plan-1024",
        "resource_id": "plan:plan-1024",
        "title": "对敌东部目标群实施侦察行动方案",
        "description": "",
        "state": "DRAFT",
        "teams_count": 0,
        "stages_count": 0
      },
      {
        "plan_id": "plan-1025",
        "resource_id": "plan:plan-1025",
        "title": "东部区域敌目标侦察行动方案",
        "description": "",
        "state": "DRAFT",
        "teams_count": 0,
        "stages_count": 0
      },
      {
        "plan_id": "plan-1026",
        "resource_id": "plan:plan-1026",
        "title": "东部区域敌目标侦察行动方案",
        "description": "",
        "state": "DRAFT",
        "teams_count": 0,
        "stages_count": 0
      },
      {
        "plan_id": "plan-1027",
        "resource_id": "plan:plan-1027",
        "title": "区域B目标侦察确认行动方案",
        "description": "",
        "state": "DRAFT",
        "teams_count": 2,
        "stages_count": 3
      },
      {
        "plan_id": "plan-1028",
        "resource_id": "plan:plan-1028",
        "title": "区域B目标侦察确认行动方案",
        "description": "",
        "state": "DRAFT",
        "teams_count": 0,
        "stages_count": 0
      },
      {
        "plan_id": "plan-1029",
        "resource_id": "plan:plan-1029",
        "title": "区域B目标侦察确认行动方案",
        "description": "",
        "state": "DRAFT",
        "teams_count": 0,
        "stages_count": 0
      },
      {
        "plan_id": "plan-1030",
        "resource_id": "plan:plan-1030",
        "title": "区域B目标侦察确认行动方案",
        "description": "",
        "state": "DRAFT",
        "teams_count": 0,
        "stages_count": 0
      },
      {
        "plan_id": "plan-1031",
        "resource_id": "plan:plan-1031",
        "title": "区域B目标侦察确认行动方案",
        "description": "",
        "state": "DRAFT",
        "teams_count": 0,
        "stages_count": 0
      },
      {
        "plan_id": "plan-1032",
        "resource_id": "plan:plan-1032",
        "title": "区域B目标侦察确认行动方案",
        "description": "",
        "state": "DRAFT",
        "teams_count": 0,
        "stages_count": 0
      },
      {
        "plan_id": "plan-1033",
        "resource_id": "plan:plan-1033",
        "title": "区域B目标侦察确认行动方案",
        "description": "",
        "state": "DRAFT",
        "teams_count": 0,
        "stages_count": 0
      },
      {
        "plan_id": "plan-1034",
        "resource_id": "plan:plan-1034",
        "title": "侦察区域B军事目标行动方案",
        "description": "",
        "state": "DRAFT",
        "teams_count": 0,
        "stages_count": 0
      },
      {
        "plan_id": "plan-1035",
        "resource_id": "plan:plan-1035",
        "title": "侦察区域B军事目标行动方案",
        "description": "",
        "state": "DRAFT",
        "teams_count": 0,
        "stages_count": 0
      },
      {
        "plan_id": "plan-1036",
        "resource_id": "plan:plan-1036",
        "title": "侦察区域B军事目标行动方案",
        "description": "",
        "state": "DRAFT",
        "teams_count": 0,
        "stages_count": 0
      },
      {
        "plan_id": "plan-1037",
        "resource_id": "plan:plan-1037",
        "title": "侦察区域B军事目标行动方案",
        "description": "",
        "state": "DRAFT",
        "teams_count": 0,
        "stages_count": 0
      },
      {
        "plan_id": "plan-1038",
        "resource_id": "plan:plan-1038",
        "title": "侦察区域B军事目标行动方案",
        "description": "",
        "state": "DRAFT",
        "teams_count": 0,
        "stages_count": 0
      },
      {
        "plan_id": "plan-1039",
        "resource_id": "plan:plan-1039",
        "title": "侦察区域B军事目标行动方案",
        "description": "",
        "state": "DRAFT",
        "teams_count": 0,
        "stages_count": 0
      }
    ],
    "total": 21
  }
}
────────────────────────────────────────────────────────────

INFO:     127.0.0.1:58773 - "GET /api/v1/action-sequences/operator/plans/plan-1020 HTTP/1.1" 200 OK

────────────────────────────────────────────────────────────
[→ IN ] GET /api/v1/action-sequences/operator/plans/plan-1020 | client=127.0.0.1:58773 | status=200 | time=54.37ms
[Response Body]
{
  "code": 200,
  "message": "success",
  "data": {
    "plan_id": "plan-1020",
    "resource_id": "plan:plan-1020",
    "title": "对敌东部目标实施侦察行动方案",
    "description": "",
    "state": "DRAFT",
    "stages": [],
    "teams": [],
    "targets": [
      {
        "target_id": "task_target:target_21745b",
        "target_type": "facility",
        "target_name": "target_21745b:指挥所",
        "target_description": "敌方地下指挥所，需获取出入口精确坐标、掩体厚度估算、天线类型"
      },
      {
        "target_id": "task_target:target_3f499b",
        "target_type": "region",
        "target_name": "target_3f499b:区域B",
        "target_description": "敌方重要目标群所在区域，包含地下指挥所、火控雷达及弹药燃料混合存储点"
      },
      {
        "target_id": "task_target:target_42a32d",
        "target_type": "facility",
        "target_name": "target_42a32d:弹药燃料点",
        "target_description": "敌方弹药燃料混合存储点，需获取地表伪装物特征、通风口位置、是否有温控迹象"
      },
      {
        "target_id": "task_target:target_952809",
        "target_type": "position",
        "target_name": "target_952809:集结点A",
        "target_description": "人员集结、装备检查及任务出发位置"
      },
      {
        "target_id": "task_target:target_dd5787",
        "target_type": "vehicle",
        "target_name": "target_dd5787:火控雷达",
        "target_description": "敌方火控雷达，需获取雷达型号（或频段）、工作时段、车辆进出痕迹"
      }
    ],
    "car_actions": [],
    "vehicle_summary": [],
    "runtime_state": {
      "state": "SCHEDULED",
      "started_at": null,
      "paused_at": null,
      "updated_at": null
    }
  }
}
────────────────────────────────────────────────────────────

[AS-DEBUG] query_plans_operator: data is list, len=20, limit=20
INFO:     127.0.0.1:58783 - "GET /api/v1/action-sequences/operator/plans HTTP/1.1" 200 OK

────────────────────────────────────────────────────────────
[→ IN ] GET /api/v1/action-sequences/operator/plans | client=127.0.0.1:58783 | status=200 | time=101.49ms
[Response Body]
{
  "code": 200,
  "message": "success",
  "data": {
    "items": [
      {
        "plan_id": "FAKE_ACTION_SEQUENCE_LOCAL_001",
        "resource_id": "plan:FAKE_ACTION_SEQUENCE_LOCAL_001",
        "title": "行动序列参数调测方案-本地假数据",
        "description": "包含底盘、火力、侦打、巡逻、电磁、空地六类车型的全部协议元任务（不含整车模式、自定义打击、通信中继车）",
        "state": "DRAFT",
        "teams_count": 1,
        "stages_count": 1
      },
      {
        "plan_id": "plan-1020",
        "resource_id": "plan:plan-1020",
        "title": "对敌东部目标实施侦察行动方案",
        "description": "",
        "state": "DRAFT",
        "teams_count": 0,
        "stages_count": 0
      },
      {
        "plan_id": "plan-1021",
        "resource_id": "plan:plan-1021",
        "title": "东部方向侦察任务行动方案",
        "description": "",
        "state": "DRAFT",
        "teams_count": 0,
        "stages_count": 0
      },
      {
        "plan_id": "plan-1022",
        "resource_id": "plan:plan-1022",
        "title": "东部方向侦察任务行动方案",
        "description": "",
        "state": "DRAFT",
        "teams_count": 0,
        "stages_count": 0
      },
      {
        "plan_id": "plan-1023",
        "resource_id": "plan:plan-1023",
        "title": "东部方向侦察群任务命令行动方案",
        "description": "",
        "state": "DRAFT",
        "teams_count": 0,
        "stages_count": 0
      },
      {
        "plan_id": "plan-1024",
        "resource_id": "plan:plan-1024",
        "title": "对敌东部目标群实施侦察行动方案",
        "description": "",
        "state": "DRAFT",
        "teams_count": 0,
        "stages_count": 0
      },
      {
        "plan_id": "plan-1025",
        "resource_id": "plan:plan-1025",
        "title": "东部区域敌目标侦察行动方案",
        "description": "",
        "state": "DRAFT",
        "teams_count": 0,
        "stages_count": 0
      },
      {
        "plan_id": "plan-1026",
        "resource_id": "plan:plan-1026",
        "title": "东部区域敌目标侦察行动方案",
        "description": "",
        "state": "DRAFT",
        "teams_count": 0,
        "stages_count": 0
      },
      {
        "plan_id": "plan-1027",
        "resource_id": "plan:plan-1027",
        "title": "区域B目标侦察确认行动方案",
        "description": "",
        "state": "DRAFT",
        "teams_count": 2,
        "stages_count": 3
      },
      {
        "plan_id": "plan-1028",
        "resource_id": "plan:plan-1028",
        "title": "区域B目标侦察确认行动方案",
        "description": "",
        "state": "DRAFT",
        "teams_count": 0,
        "stages_count": 0
      },
      {
        "plan_id": "plan-1029",
        "resource_id": "plan:plan-1029",
        "title": "区域B目标侦察确认行动方案",
        "description": "",
        "state": "DRAFT",
        "teams_count": 0,
        "stages_count": 0
      },
      {
        "plan_id": "plan-1030",
        "resource_id": "plan:plan-1030",
        "title": "区域B目标侦察确认行动方案",
        "description": "",
        "state": "DRAFT",
        "teams_count": 0,
        "stages_count": 0
      },
      {
        "plan_id": "plan-1031",
        "resource_id": "plan:plan-1031",
        "title": "区域B目标侦察确认行动方案",
        "description": "",
        "state": "DRAFT",
        "teams_count": 0,
        "stages_count": 0
      },
      {
        "plan_id": "plan-1032",
        "resource_id": "plan:plan-1032",
        "title": "区域B目标侦察确认行动方案",
        "description": "",
        "state": "DRAFT",
        "teams_count": 0,
        "stages_count": 0
      },
      {
        "plan_id": "plan-1033",
        "resource_id": "plan:plan-1033",
        "title": "区域B目标侦察确认行动方案",
        "description": "",
        "state": "DRAFT",
        "teams_count": 0,
        "stages_count": 0
      },
      {
        "plan_id": "plan-1034",
        "resource_id": "plan:plan-1034",
        "title": "侦察区域B军事目标行动方案",
        "description": "",
        "state": "DRAFT",
        "teams_count": 0,
        "stages_count": 0
      },
      {
        "plan_id": "plan-1035",
        "resource_id": "plan:plan-1035",
        "title": "侦察区域B军事目标行动方案",
        "description": "",
        "state": "DRAFT",
        "teams_count": 0,
        "stages_count": 0
      },
      {
        "plan_id": "plan-1036",
        "resource_id": "plan:plan-1036",
        "title": "侦察区域B军事目标行动方案",
        "description": "",
        "state": "DRAFT",
        "teams_count": 0,
        "stages_count": 0
      },
      {
        "plan_id": "plan-1037",
        "resource_id": "plan:plan-1037",
        "title": "侦察区域B军事目标行动方案",
        "description": "",
        "state": "DRAFT",
        "teams_count": 0,
        "stages_count": 0
      },
      {
        "plan_id": "plan-1038",
        "resource_id": "plan:plan-1038",
        "title": "侦察区域B军事目标行动方案",
        "description": "",
        "state": "DRAFT",
        "teams_count": 0,
        "stages_count": 0
      },
      {
        "plan_id": "plan-1039",
        "resource_id": "plan:plan-1039",
        "title": "侦察区域B军事目标行动方案",
        "description": "",
        "state": "DRAFT",
        "teams_count": 0,
        "stages_count": 0
      }
    ],
    "total": 21
  }
}
────────────────────────────────────────────────────────────

INFO:     127.0.0.1:58786 - "GET /api/v1/action-sequences/operator/plans/plan-1020 HTTP/1.1" 200 OK

────────────────────────────────────────────────────────────
[→ IN ] GET /api/v1/action-sequences/operator/plans/plan-1020 | client=127.0.0.1:58786 | status=200 | time=40.47ms
[Response Body]
{
  "code": 200,
  "message": "success",
  "data": {
    "plan_id": "plan-1020",
    "resource_id": "plan:plan-1020",
    "title": "对敌东部目标实施侦察行动方案",
    "description": "",
    "state": "DRAFT",
    "stages": [],
    "teams": [],
    "targets": [
      {
        "target_id": "task_target:target_21745b",
        "target_type": "facility",
        "target_name": "target_21745b:指挥所",
        "target_description": "敌方地下指挥所，需获取出入口精确坐标、掩体厚度估算、天线类型"
      },
      {
        "target_id": "task_target:target_3f499b",
        "target_type": "region",
        "target_name": "target_3f499b:区域B",
        "target_description": "敌方重要目标群所在区域，包含地下指挥所、火控雷达及弹药燃料混合存储点"
      },
      {
        "target_id": "task_target:target_42a32d",
        "target_type": "facility",
        "target_name": "target_42a32d:弹药燃料点",
        "target_description": "敌方弹药燃料混合存储点，需获取地表伪装物特征、通风口位置、是否有温控迹象"
      },
      {
        "target_id": "task_target:target_952809",
        "target_type": "position",
        "target_name": "target_952809:集结点A",
        "target_description": "人员集结、装备检查及任务出发位置"
      },
      {
        "target_id": "task_target:target_dd5787",
        "target_type": "vehicle",
        "target_name": "target_dd5787:火控雷达",
        "target_description": "敌方火控雷达，需获取雷达型号（或频段）、工作时段、车辆进出痕迹"
      }
    ],
    "car_actions": [],
    "vehicle_summary": [],
    "runtime_state": {
      "state": "SCHEDULED",
      "started_at": null,
      "paused_at": null,
      "updated_at": null
    }
  }
}
────────────────────────────────────────────────────────────

[AS-DEBUG] query_plans_operator: data is list, len=20, limit=20
INFO:     127.0.0.1:58793 - "GET /api/v1/action-sequences/operator/plans HTTP/1.1" 200 OK

────────────────────────────────────────────────────────────
[→ IN ] GET /api/v1/action-sequences/operator/plans | client=127.0.0.1:58793 | status=200 | time=68.54ms
[Response Body]
{
  "code": 200,
  "message": "success",
  "data": {
    "items": [
      {
        "plan_id": "FAKE_ACTION_SEQUENCE_LOCAL_001",
        "resource_id": "plan:FAKE_ACTION_SEQUENCE_LOCAL_001",
        "title": "行动序列参数调测方案-本地假数据",
        "description": "包含底盘、火力、侦打、巡逻、电磁、空地六类车型的全部协议元任务（不含整车模式、自定义打击、通信中继车）",
        "state": "DRAFT",
        "teams_count": 1,
        "stages_count": 1
      },
      {
        "plan_id": "plan-1020",
        "resource_id": "plan:plan-1020",
        "title": "对敌东部目标实施侦察行动方案",
        "description": "",
        "state": "DRAFT",
        "teams_count": 0,
        "stages_count": 0
      },
      {
        "plan_id": "plan-1021",
        "resource_id": "plan:plan-1021",
        "title": "东部方向侦察任务行动方案",
        "description": "",
        "state": "DRAFT",
        "teams_count": 0,
        "stages_count": 0
      },
      {
        "plan_id": "plan-1022",
        "resource_id": "plan:plan-1022",
        "title": "东部方向侦察任务行动方案",
        "description": "",
        "state": "DRAFT",
        "teams_count": 0,
        "stages_count": 0
      },
      {
        "plan_id": "plan-1023",
        "resource_id": "plan:plan-1023",
        "title": "东部方向侦察群任务命令行动方案",
        "description": "",
        "state": "DRAFT",
        "teams_count": 0,
        "stages_count": 0
      },
      {
        "plan_id": "plan-1024",
        "resource_id": "plan:plan-1024",
        "title": "对敌东部目标群实施侦察行动方案",
        "description": "",
        "state": "DRAFT",
        "teams_count": 0,
        "stages_count": 0
      },
      {
        "plan_id": "plan-1025",
        "resource_id": "plan:plan-1025",
        "title": "东部区域敌目标侦察行动方案",
        "description": "",
        "state": "DRAFT",
        "teams_count": 0,
        "stages_count": 0
      },
      {
        "plan_id": "plan-1026",
        "resource_id": "plan:plan-1026",
        "title": "东部区域敌目标侦察行动方案",
        "description": "",
        "state": "DRAFT",
        "teams_count": 0,
        "stages_count": 0
      },
      {
        "plan_id": "plan-1027",
        "resource_id": "plan:plan-1027",
        "title": "区域B目标侦察确认行动方案",
        "description": "",
        "state": "DRAFT",
        "teams_count": 2,
        "stages_count": 3
      },
      {
        "plan_id": "plan-1028",
        "resource_id": "plan:plan-1028",
        "title": "区域B目标侦察确认行动方案",
        "description": "",
        "state": "DRAFT",
        "teams_count": 0,
        "stages_count": 0
      },
      {
        "plan_id": "plan-1029",
        "resource_id": "plan:plan-1029",
        "title": "区域B目标侦察确认行动方案",
        "description": "",
        "state": "DRAFT",
        "teams_count": 0,
        "stages_count": 0
      },
      {
        "plan_id": "plan-1030",
        "resource_id": "plan:plan-1030",
        "title": "区域B目标侦察确认行动方案",
        "description": "",
        "state": "DRAFT",
        "teams_count": 0,
        "stages_count": 0
      },
      {
        "plan_id": "plan-1031",
        "resource_id": "plan:plan-1031",
        "title": "区域B目标侦察确认行动方案",
        "description": "",
        "state": "DRAFT",
        "teams_count": 0,
        "stages_count": 0
      },
      {
        "plan_id": "plan-1032",
        "resource_id": "plan:plan-1032",
        "title": "区域B目标侦察确认行动方案",
        "description": "",
        "state": "DRAFT",
        "teams_count": 0,
        "stages_count": 0
      },
      {
        "plan_id": "plan-1033",
        "resource_id": "plan:plan-1033",
        "title": "区域B目标侦察确认行动方案",
        "description": "",
        "state": "DRAFT",
        "teams_count": 0,
        "stages_count": 0
      },
      {
        "plan_id": "plan-1034",
        "resource_id": "plan:plan-1034",
        "title": "侦察区域B军事目标行动方案",
        "description": "",
        "state": "DRAFT",
        "teams_count": 0,
        "stages_count": 0
      },
      {
        "plan_id": "plan-1035",
        "resource_id": "plan:plan-1035",
        "title": "侦察区域B军事目标行动方案",
        "description": "",
        "state": "DRAFT",
        "teams_count": 0,
        "stages_count": 0
      },
      {
        "plan_id": "plan-1036",
        "resource_id": "plan:plan-1036",
        "title": "侦察区域B军事目标行动方案",
        "description": "",
        "state": "DRAFT",
        "teams_count": 0,
        "stages_count": 0
      },
      {
        "plan_id": "plan-1037",
        "resource_id": "plan:plan-1037",
        "title": "侦察区域B军事目标行动方案",
        "description": "",
        "state": "DRAFT",
        "teams_count": 0,
        "stages_count": 0
      },
      {
        "plan_id": "plan-1038",
        "resource_id": "plan:plan-1038",
        "title": "侦察区域B军事目标行动方案",
        "description": "",
        "state": "DRAFT",
        "teams_count": 0,
        "stages_count": 0
      },
      {
        "plan_id": "plan-1039",
        "resource_id": "plan:plan-1039",
        "title": "侦察区域B军事目标行动方案",
        "description": "",
        "state": "DRAFT",
        "teams_count": 0,
        "stages_count": 0
      }
    ],
    "total": 21
  }
}
────────────────────────────────────────────────────────────

INFO:     127.0.0.1:58796 - "GET /api/v1/action-sequences/operator/plans/plan-1020 HTTP/1.1" 200 OK

────────────────────────────────────────────────────────────
[→ IN ] GET /api/v1/action-sequences/operator/plans/plan-1020 | client=127.0.0.1:58796 | status=200 | time=51.35ms
[Response Body]
{
  "code": 200,
  "message": "success",
  "data": {
    "plan_id": "plan-1020",
    "resource_id": "plan:plan-1020",
    "title": "对敌东部目标实施侦察行动方案",
    "description": "",
    "state": "DRAFT",
    "stages": [],
    "teams": [],
    "targets": [
      {
        "target_id": "task_target:target_21745b",
        "target_type": "facility",
        "target_name": "target_21745b:指挥所",
        "target_description": "敌方地下指挥所，需获取出入口精确坐标、掩体厚度估算、天线类型"
      },
      {
        "target_id": "task_target:target_3f499b",
        "target_type": "region",
        "target_name": "target_3f499b:区域B",
        "target_description": "敌方重要目标群所在区域，包含地下指挥所、火控雷达及弹药燃料混合存储点"
      },
      {
        "target_id": "task_target:target_42a32d",
        "target_type": "facility",
        "target_name": "target_42a32d:弹药燃料点",
        "target_description": "敌方弹药燃料混合存储点，需获取地表伪装物特征、通风口位置、是否有温控迹象"
      },
      {
        "target_id": "task_target:target_952809",
        "target_type": "position",
        "target_name": "target_952809:集结点A",
        "target_description": "人员集结、装备检查及任务出发位置"
      },
      {
        "target_id": "task_target:target_dd5787",
        "target_type": "vehicle",
        "target_name": "target_dd5787:火控雷达",
        "target_description": "敌方火控雷达，需获取雷达型号（或频段）、工作时段、车辆进出痕迹"
      }
    ],
    "car_actions": [],
    "vehicle_summary": [],
    "runtime_state": {
      "state": "SCHEDULED",
      "started_at": null,
      "paused_at": null,
      "updated_at": null
    }
  }
}
────────────────────────────────────────────────────────────

[AS-DEBUG] query_plans_operator: data is list, len=20, limit=20
INFO:     127.0.0.1:58807 - "GET /api/v1/action-sequences/operator/plans HTTP/1.1" 200 OK

────────────────────────────────────────────────────────────
[→ IN ] GET /api/v1/action-sequences/operator/plans | client=127.0.0.1:58807 | status=200 | time=86.72ms
[Response Body]
{
  "code": 200,
  "message": "success",
  "data": {
    "items": [
      {
        "plan_id": "FAKE_ACTION_SEQUENCE_LOCAL_001",
        "resource_id": "plan:FAKE_ACTION_SEQUENCE_LOCAL_001",
        "title": "行动序列参数调测方案-本地假数据",
        "description": "包含底盘、火力、侦打、巡逻、电磁、空地六类车型的全部协议元任务（不含整车模式、自定义打击、通信中继车）",
        "state": "DRAFT",
        "teams_count": 1,
        "stages_count": 1
      },
      {
        "plan_id": "plan-1020",
        "resource_id": "plan:plan-1020",
        "title": "对敌东部目标实施侦察行动方案",
        "description": "",
        "state": "DRAFT",
        "teams_count": 0,
        "stages_count": 0
      },
      {
        "plan_id": "plan-1021",
        "resource_id": "plan:plan-1021",
        "title": "东部方向侦察任务行动方案",
        "description": "",
        "state": "DRAFT",
        "teams_count": 0,
        "stages_count": 0
      },
      {
        "plan_id": "plan-1022",
        "resource_id": "plan:plan-1022",
        "title": "东部方向侦察任务行动方案",
        "description": "",
        "state": "DRAFT",
        "teams_count": 0,
        "stages_count": 0
      },
      {
        "plan_id": "plan-1023",
        "resource_id": "plan:plan-1023",
        "title": "东部方向侦察群任务命令行动方案",
        "description": "",
        "state": "DRAFT",
        "teams_count": 0,
        "stages_count": 0
      },
      {
        "plan_id": "plan-1024",
        "resource_id": "plan:plan-1024",
        "title": "对敌东部目标群实施侦察行动方案",
        "description": "",
        "state": "DRAFT",
        "teams_count": 0,
        "stages_count": 0
      },
      {
        "plan_id": "plan-1025",
        "resource_id": "plan:plan-1025",
        "title": "东部区域敌目标侦察行动方案",
        "description": "",
        "state": "DRAFT",
        "teams_count": 0,
        "stages_count": 0
      },
      {
        "plan_id": "plan-1026",
        "resource_id": "plan:plan-1026",
        "title": "东部区域敌目标侦察行动方案",
        "description": "",
        "state": "DRAFT",
        "teams_count": 0,
        "stages_count": 0
      },
      {
        "plan_id": "plan-1027",
        "resource_id": "plan:plan-1027",
        "title": "区域B目标侦察确认行动方案",
        "description": "",
        "state": "DRAFT",
        "teams_count": 2,
        "stages_count": 3
      },
      {
        "plan_id": "plan-1028",
        "resource_id": "plan:plan-1028",
        "title": "区域B目标侦察确认行动方案",
        "description": "",
        "state": "DRAFT",
        "teams_count": 0,
        "stages_count": 0
      },
      {
        "plan_id": "plan-1029",
        "resource_id": "plan:plan-1029",
        "title": "区域B目标侦察确认行动方案",
        "description": "",
        "state": "DRAFT",
        "teams_count": 0,
        "stages_count": 0
      },
      {
        "plan_id": "plan-1030",
        "resource_id": "plan:plan-1030",
        "title": "区域B目标侦察确认行动方案",
        "description": "",
        "state": "DRAFT",
        "teams_count": 0,
        "stages_count": 0
      },
      {
        "plan_id": "plan-1031",
        "resource_id": "plan:plan-1031",
        "title": "区域B目标侦察确认行动方案",
        "description": "",
        "state": "DRAFT",
        "teams_count": 0,
        "stages_count": 0
      },
      {
        "plan_id": "plan-1032",
        "resource_id": "plan:plan-1032",
        "title": "区域B目标侦察确认行动方案",
        "description": "",
        "state": "DRAFT",
        "teams_count": 0,
        "stages_count": 0
      },
      {
        "plan_id": "plan-1033",
        "resource_id": "plan:plan-1033",
        "title": "区域B目标侦察确认行动方案",
        "description": "",
        "state": "DRAFT",
        "teams_count": 0,
        "stages_count": 0
      },
      {
        "plan_id": "plan-1034",
        "resource_id": "plan:plan-1034",
        "title": "侦察区域B军事目标行动方案",
        "description": "",
        "state": "DRAFT",
        "teams_count": 0,
        "stages_count": 0
      },
      {
        "plan_id": "plan-1035",
        "resource_id": "plan:plan-1035",
        "title": "侦察区域B军事目标行动方案",
        "description": "",
        "state": "DRAFT",
        "teams_count": 0,
        "stages_count": 0
      },
      {
        "plan_id": "plan-1036",
        "resource_id": "plan:plan-1036",
        "title": "侦察区域B军事目标行动方案",
        "description": "",
        "state": "DRAFT",
        "teams_count": 0,
        "stages_count": 0
      },
      {
        "plan_id": "plan-1037",
        "resource_id": "plan:plan-1037",
        "title": "侦察区域B军事目标行动方案",
        "description": "",
        "state": "DRAFT",
        "teams_count": 0,
        "stages_count": 0
      },
      {
        "plan_id": "plan-1038",
        "resource_id": "plan:plan-1038",
        "title": "侦察区域B军事目标行动方案",
        "description": "",
        "state": "DRAFT",
        "teams_count": 0,
        "stages_count": 0
      },
      {
        "plan_id": "plan-1039",
        "resource_id": "plan:plan-1039",
        "title": "侦察区域B军事目标行动方案",
        "description": "",
        "state": "DRAFT",
        "teams_count": 0,
        "stages_count": 0
      }
    ],
    "total": 21
  }
}
────────────────────────────────────────────────────────────

INFO:     127.0.0.1:58810 - "GET /api/v1/action-sequences/operator/plans/plan-1020 HTTP/1.1" 200 OK

────────────────────────────────────────────────────────────
[→ IN ] GET /api/v1/action-sequences/operator/plans/plan-1020 | client=127.0.0.1:58810 | status=200 | time=31.19ms
[Response Body]
{
  "code": 200,
  "message": "success",
  "data": {
    "plan_id": "plan-1020",
    "resource_id": "plan:plan-1020",
    "title": "对敌东部目标实施侦察行动方案",
    "description": "",
    "state": "DRAFT",
    "stages": [],
    "teams": [],
    "targets": [
      {
        "target_id": "task_target:target_21745b",
        "target_type": "facility",
        "target_name": "target_21745b:指挥所",
        "target_description": "敌方地下指挥所，需获取出入口精确坐标、掩体厚度估算、天线类型"
      },
      {
        "target_id": "task_target:target_3f499b",
        "target_type": "region",
        "target_name": "target_3f499b:区域B",
        "target_description": "敌方重要目标群所在区域，包含地下指挥所、火控雷达及弹药燃料混合存储点"
      },
      {
        "target_id": "task_target:target_42a32d",
        "target_type": "facility",
        "target_name": "target_42a32d:弹药燃料点",
        "target_description": "敌方弹药燃料混合存储点，需获取地表伪装物特征、通风口位置、是否有温控迹象"
      },
      {
        "target_id": "task_target:target_952809",
        "target_type": "position",
        "target_name": "target_952809:集结点A",
        "target_description": "人员集结、装备检查及任务出发位置"
      },
      {
        "target_id": "task_target:target_dd5787",
        "target_type": "vehicle",
        "target_name": "target_dd5787:火控雷达",
        "target_description": "敌方火控雷达，需获取雷达型号（或频段）、工作时段、车辆进出痕迹"
      }
    ],
    "car_actions": [],
    "vehicle_summary": [],
    "runtime_state": {
      "state": "SCHEDULED",
      "started_at": null,
      "paused_at": null,
      "updated_at": null
    }
  }
}
────────────────────────────────────────────────────────────

[AS-DEBUG] query_plans_operator: data is list, len=20, limit=20
INFO:     127.0.0.1:58970 - "GET /api/v1/action-sequences/operator/plans HTTP/1.1" 200 OK

────────────────────────────────────────────────────────────
[→ IN ] GET /api/v1/action-sequences/operator/plans | client=127.0.0.1:58970 | status=200 | time=83.96ms
[Response Body]
{
  "code": 200,
  "message": "success",
  "data": {
    "items": [
      {
        "plan_id": "FAKE_ACTION_SEQUENCE_LOCAL_001",
        "resource_id": "plan:FAKE_ACTION_SEQUENCE_LOCAL_001",
        "title": "行动序列参数调测方案-本地假数据",
        "description": "包含底盘、火力、侦打、巡逻、电磁、空地六类车型的全部协议元任务（不含整车模式、自定义打击、通信中继车）",
        "state": "DRAFT",
        "teams_count": 1,
        "stages_count": 1
      },
      {
        "plan_id": "plan-1020",
        "resource_id": "plan:plan-1020",
        "title": "对敌东部目标实施侦察行动方案",
        "description": "",
        "state": "DRAFT",
        "teams_count": 0,
        "stages_count": 0
      },
      {
        "plan_id": "plan-1021",
        "resource_id": "plan:plan-1021",
        "title": "东部方向侦察任务行动方案",
        "description": "",
        "state": "DRAFT",
        "teams_count": 0,
        "stages_count": 0
      },
      {
        "plan_id": "plan-1022",
        "resource_id": "plan:plan-1022",
        "title": "东部方向侦察任务行动方案",
        "description": "",
        "state": "DRAFT",
        "teams_count": 0,
        "stages_count": 0
      },
      {
        "plan_id": "plan-1023",
        "resource_id": "plan:plan-1023",
        "title": "东部方向侦察群任务命令行动方案",
        "description": "",
        "state": "DRAFT",
        "teams_count": 0,
        "stages_count": 0
      },
      {
        "plan_id": "plan-1024",
        "resource_id": "plan:plan-1024",
        "title": "对敌东部目标群实施侦察行动方案",
        "description": "",
        "state": "DRAFT",
        "teams_count": 0,
        "stages_count": 0
      },
      {
        "plan_id": "plan-1025",
        "resource_id": "plan:plan-1025",
        "title": "东部区域敌目标侦察行动方案",
        "description": "",
        "state": "DRAFT",
        "teams_count": 0,
        "stages_count": 0
      },
      {
        "plan_id": "plan-1026",
        "resource_id": "plan:plan-1026",
        "title": "东部区域敌目标侦察行动方案",
        "description": "",
        "state": "DRAFT",
        "teams_count": 0,
        "stages_count": 0
      },
      {
        "plan_id": "plan-1027",
        "resource_id": "plan:plan-1027",
        "title": "区域B目标侦察确认行动方案",
        "description": "",
        "state": "DRAFT",
        "teams_count": 2,
        "stages_count": 3
      },
      {
        "plan_id": "plan-1028",
        "resource_id": "plan:plan-1028",
        "title": "区域B目标侦察确认行动方案",
        "description": "",
        "state": "DRAFT",
        "teams_count": 0,
        "stages_count": 0
      },
      {
        "plan_id": "plan-1029",
        "resource_id": "plan:plan-1029",
        "title": "区域B目标侦察确认行动方案",
        "description": "",
        "state": "DRAFT",
        "teams_count": 0,
        "stages_count": 0
      },
      {
        "plan_id": "plan-1030",
        "resource_id": "plan:plan-1030",
        "title": "区域B目标侦察确认行动方案",
        "description": "",
        "state": "DRAFT",
        "teams_count": 0,
        "stages_count": 0
      },
      {
        "plan_id": "plan-1031",
        "resource_id": "plan:plan-1031",
        "title": "区域B目标侦察确认行动方案",
        "description": "",
        "state": "DRAFT",
        "teams_count": 0,
        "stages_count": 0
      },
      {
        "plan_id": "plan-1032",
        "resource_id": "plan:plan-1032",
        "title": "区域B目标侦察确认行动方案",
        "description": "",
        "state": "DRAFT",
        "teams_count": 0,
        "stages_count": 0
      },
      {
        "plan_id": "plan-1033",
        "resource_id": "plan:plan-1033",
        "title": "区域B目标侦察确认行动方案",
        "description": "",
        "state": "DRAFT",
        "teams_count": 0,
        "stages_count": 0
      },
      {
        "plan_id": "plan-1034",
        "resource_id": "plan:plan-1034",
        "title": "侦察区域B军事目标行动方案",
        "description": "",
        "state": "DRAFT",
        "teams_count": 0,
        "stages_count": 0
      },
      {
        "plan_id": "plan-1035",
        "resource_id": "plan:plan-1035",
        "title": "侦察区域B军事目标行动方案",
        "description": "",
        "state": "DRAFT",
        "teams_count": 0,
        "stages_count": 0
      },
      {
        "plan_id": "plan-1036",
        "resource_id": "plan:plan-1036",
        "title": "侦察区域B军事目标行动方案",
        "description": "",
        "state": "DRAFT",
        "teams_count": 0,
        "stages_count": 0
      },
      {
        "plan_id": "plan-1037",
        "resource_id": "plan:plan-1037",
        "title": "侦察区域B军事目标行动方案",
        "description": "",
        "state": "DRAFT",
        "teams_count": 0,
        "stages_count": 0
      },
      {
        "plan_id": "plan-1038",
        "resource_id": "plan:plan-1038",
        "title": "侦察区域B军事目标行动方案",
        "description": "",
        "state": "DRAFT",
        "teams_count": 0,
        "stages_count": 0
      },
      {
        "plan_id": "plan-1039",
        "resource_id": "plan:plan-1039",
        "title": "侦察区域B军事目标行动方案",
        "description": "",
        "state": "DRAFT",
        "teams_count": 0,
        "stages_count": 0
      }
    ],
    "total": 21
  }
}
────────────────────────────────────────────────────────────

INFO:     127.0.0.1:58973 - "GET /api/v1/action-sequences/operator/plans/plan-1020 HTTP/1.1" 200 OK

────────────────────────────────────────────────────────────
[→ IN ] GET /api/v1/action-sequences/operator/plans/plan-1020 | client=127.0.0.1:58973 | status=200 | time=30.31ms
[Response Body]
{
  "code": 200,
  "message": "success",
  "data": {
    "plan_id": "plan-1020",
    "resource_id": "plan:plan-1020",
    "title": "对敌东部目标实施侦察行动方案",
    "description": "",
    "state": "DRAFT",
    "stages": [],
    "teams": [],
    "targets": [
      {
        "target_id": "task_target:target_21745b",
        "target_type": "facility",
        "target_name": "target_21745b:指挥所",
        "target_description": "敌方地下指挥所，需获取出入口精确坐标、掩体厚度估算、天线类型"
      },
      {
        "target_id": "task_target:target_3f499b",
        "target_type": "region",
        "target_name": "target_3f499b:区域B",
        "target_description": "敌方重要目标群所在区域，包含地下指挥所、火控雷达及弹药燃料混合存储点"
      },
      {
        "target_id": "task_target:target_42a32d",
        "target_type": "facility",
        "target_name": "target_42a32d:弹药燃料点",
        "target_description": "敌方弹药燃料混合存储点，需获取地表伪装物特征、通风口位置、是否有温控迹象"
      },
      {
        "target_id": "task_target:target_952809",
        "target_type": "position",
        "target_name": "target_952809:集结点A",
        "target_description": "人员集结、装备检查及任务出发位置"
      },
      {
        "target_id": "task_target:target_dd5787",
        "target_type": "vehicle",
        "target_name": "target_dd5787:火控雷达",
        "target_description": "敌方火控雷达，需获取雷达型号（或频段）、工作时段、车辆进出痕迹"
      }
    ],
    "car_actions": [],
    "vehicle_summary": [],
    "runtime_state": {
      "state": "SCHEDULED",
      "started_at": null,
      "paused_at": null,
      "updated_at": null
    }
  }
}
────────────────────────────────────────────────────────────

[AS-DEBUG] query_plans_operator: data is list, len=20, limit=20
INFO:     127.0.0.1:58998 - "GET /api/v1/action-sequences/operator/plans HTTP/1.1" 200 OK

────────────────────────────────────────────────────────────
[→ IN ] GET /api/v1/action-sequences/operator/plans | client=127.0.0.1:58998 | status=200 | time=72.30ms
[Response Body]
{
  "code": 200,
  "message": "success",
  "data": {
    "items": [
      {
        "plan_id": "FAKE_ACTION_SEQUENCE_LOCAL_001",
        "resource_id": "plan:FAKE_ACTION_SEQUENCE_LOCAL_001",
        "title": "行动序列参数调测方案-本地假数据",
        "description": "包含底盘、火力、侦打、巡逻、电磁、空地六类车型的全部协议元任务（不含整车模式、自定义打击、通信中继车）",
        "state": "DRAFT",
        "teams_count": 1,
        "stages_count": 1
      },
      {
        "plan_id": "plan-1020",
        "resource_id": "plan:plan-1020",
        "title": "对敌东部目标实施侦察行动方案",
        "description": "",
        "state": "DRAFT",
        "teams_count": 0,
        "stages_count": 0
      },
      {
        "plan_id": "plan-1021",
        "resource_id": "plan:plan-1021",
        "title": "东部方向侦察任务行动方案",
        "description": "",
        "state": "DRAFT",
        "teams_count": 0,
        "stages_count": 0
      },
      {
        "plan_id": "plan-1022",
        "resource_id": "plan:plan-1022",
        "title": "东部方向侦察任务行动方案",
        "description": "",
        "state": "DRAFT",
        "teams_count": 0,
        "stages_count": 0
      },
      {
        "plan_id": "plan-1023",
        "resource_id": "plan:plan-1023",
        "title": "东部方向侦察群任务命令行动方案",
        "description": "",
        "state": "DRAFT",
        "teams_count": 0,
        "stages_count": 0
      },
      {
        "plan_id": "plan-1024",
        "resource_id": "plan:plan-1024",
        "title": "对敌东部目标群实施侦察行动方案",
        "description": "",
        "state": "DRAFT",
        "teams_count": 0,
        "stages_count": 0
      },
      {
        "plan_id": "plan-1025",
        "resource_id": "plan:plan-1025",
        "title": "东部区域敌目标侦察行动方案",
        "description": "",
        "state": "DRAFT",
        "teams_count": 0,
        "stages_count": 0
      },
      {
        "plan_id": "plan-1026",
        "resource_id": "plan:plan-1026",
        "title": "东部区域敌目标侦察行动方案",
        "description": "",
        "state": "DRAFT",
        "teams_count": 0,
        "stages_count": 0
      },
      {
        "plan_id": "plan-1027",
        "resource_id": "plan:plan-1027",
        "title": "区域B目标侦察确认行动方案",
        "description": "",
        "state": "DRAFT",
        "teams_count": 2,
        "stages_count": 3
      },
      {
        "plan_id": "plan-1028",
        "resource_id": "plan:plan-1028",
        "title": "区域B目标侦察确认行动方案",
        "description": "",
        "state": "DRAFT",
        "teams_count": 0,
        "stages_count": 0
      },
      {
        "plan_id": "plan-1029",
        "resource_id": "plan:plan-1029",
        "title": "区域B目标侦察确认行动方案",
        "description": "",
        "state": "DRAFT",
        "teams_count": 0,
        "stages_count": 0
      },
      {
        "plan_id": "plan-1030",
        "resource_id": "plan:plan-1030",
        "title": "区域B目标侦察确认行动方案",
        "description": "",
        "state": "DRAFT",
        "teams_count": 0,
        "stages_count": 0
      },
      {
        "plan_id": "plan-1031",
        "resource_id": "plan:plan-1031",
        "title": "区域B目标侦察确认行动方案",
        "description": "",
        "state": "DRAFT",
        "teams_count": 0,
        "stages_count": 0
      },
      {
        "plan_id": "plan-1032",
        "resource_id": "plan:plan-1032",
        "title": "区域B目标侦察确认行动方案",
        "description": "",
        "state": "DRAFT",
        "teams_count": 0,
        "stages_count": 0
      },
      {
        "plan_id": "plan-1033",
        "resource_id": "plan:plan-1033",
        "title": "区域B目标侦察确认行动方案",
        "description": "",
        "state": "DRAFT",
        "teams_count": 0,
        "stages_count": 0
      },
      {
        "plan_id": "plan-1034",
        "resource_id": "plan:plan-1034",
        "title": "侦察区域B军事目标行动方案",
        "description": "",
        "state": "DRAFT",
        "teams_count": 0,
        "stages_count": 0
      },
      {
        "plan_id": "plan-1035",
        "resource_id": "plan:plan-1035",
        "title": "侦察区域B军事目标行动方案",
        "description": "",
        "state": "DRAFT",
        "teams_count": 0,
        "stages_count": 0
      },
      {
        "plan_id": "plan-1036",
        "resource_id": "plan:plan-1036",
        "title": "侦察区域B军事目标行动方案",
        "description": "",
        "state": "DRAFT",
        "teams_count": 0,
        "stages_count": 0
      },
      {
        "plan_id": "plan-1037",
        "resource_id": "plan:plan-1037",
        "title": "侦察区域B军事目标行动方案",
        "description": "",
        "state": "DRAFT",
        "teams_count": 0,
        "stages_count": 0
      },
      {
        "plan_id": "plan-1038",
        "resource_id": "plan:plan-1038",
        "title": "侦察区域B军事目标行动方案",
        "description": "",
        "state": "DRAFT",
        "teams_count": 0,
        "stages_count": 0
      },
      {
        "plan_id": "plan-1039",
        "resource_id": "plan:plan-1039",
        "title": "侦察区域B军事目标行动方案",
        "description": "",
        "state": "DRAFT",
        "teams_count": 0,
        "stages_count": 0
      }
    ],
    "total": 21
  }
}
────────────────────────────────────────────────────────────

INFO:     127.0.0.1:59001 - "GET /api/v1/action-sequences/operator/plans/plan-1020 HTTP/1.1" 200 OK

────────────────────────────────────────────────────────────
[→ IN ] GET /api/v1/action-sequences/operator/plans/plan-1020 | client=127.0.0.1:59001 | status=200 | time=52.57ms
[Response Body]
{
  "code": 200,
  "message": "success",
  "data": {
    "plan_id": "plan-1020",
    "resource_id": "plan:plan-1020",
    "title": "对敌东部目标实施侦察行动方案",
    "description": "",
    "state": "DRAFT",
    "stages": [],
    "teams": [],
    "targets": [
      {
        "target_id": "task_target:target_21745b",
        "target_type": "facility",
        "target_name": "target_21745b:指挥所",
        "target_description": "敌方地下指挥所，需获取出入口精确坐标、掩体厚度估算、天线类型"
      },
      {
        "target_id": "task_target:target_3f499b",
        "target_type": "region",
        "target_name": "target_3f499b:区域B",
        "target_description": "敌方重要目标群所在区域，包含地下指挥所、火控雷达及弹药燃料混合存储点"
      },
      {
        "target_id": "task_target:target_42a32d",
        "target_type": "facility",
        "target_name": "target_42a32d:弹药燃料点",
        "target_description": "敌方弹药燃料混合存储点，需获取地表伪装物特征、通风口位置、是否有温控迹象"
      },
      {
        "target_id": "task_target:target_952809",
        "target_type": "position",
        "target_name": "target_952809:集结点A",
        "target_description": "人员集结、装备检查及任务出发位置"
      },
      {
        "target_id": "task_target:target_dd5787",
        "target_type": "vehicle",
        "target_name": "target_dd5787:火控雷达",
        "target_description": "敌方火控雷达，需获取雷达型号（或频段）、工作时段、车辆进出痕迹"
      }
    ],
    "car_actions": [],
    "vehicle_summary": [],
    "runtime_state": {
      "state": "SCHEDULED",
      "started_at": null,
      "paused_at": null,
      "updated_at": null
    }
  }
}
────────────────────────────────────────────────────────────

[AS-DEBUG] query_plans_operator: data is list, len=20, limit=20
INFO:     127.0.0.1:59015 - "GET /api/v1/action-sequences/operator/plans HTTP/1.1" 200 OK

────────────────────────────────────────────────────────────
[→ IN ] GET /api/v1/action-sequences/operator/plans | client=127.0.0.1:59015 | status=200 | time=96.59ms
[Response Body]
{
  "code": 200,
  "message": "success",
  "data": {
    "items": [
      {
        "plan_id": "FAKE_ACTION_SEQUENCE_LOCAL_001",
        "resource_id": "plan:FAKE_ACTION_SEQUENCE_LOCAL_001",
        "title": "行动序列参数调测方案-本地假数据",
        "description": "包含底盘、火力、侦打、巡逻、电磁、空地六类车型的全部协议元任务（不含整车模式、自定义打击、通信中继车）",
        "state": "DRAFT",
        "teams_count": 1,
        "stages_count": 1
      },
      {
        "plan_id": "plan-1020",
        "resource_id": "plan:plan-1020",
        "title": "对敌东部目标实施侦察行动方案",
        "description": "",
        "state": "DRAFT",
        "teams_count": 0,
        "stages_count": 0
      },
      {
        "plan_id": "plan-1021",
        "resource_id": "plan:plan-1021",
        "title": "东部方向侦察任务行动方案",
        "description": "",
        "state": "DRAFT",
        "teams_count": 0,
        "stages_count": 0
      },
      {
        "plan_id": "plan-1022",
        "resource_id": "plan:plan-1022",
        "title": "东部方向侦察任务行动方案",
        "description": "",
        "state": "DRAFT",
        "teams_count": 0,
        "stages_count": 0
      },
      {
        "plan_id": "plan-1023",
        "resource_id": "plan:plan-1023",
        "title": "东部方向侦察群任务命令行动方案",
        "description": "",
        "state": "DRAFT",
        "teams_count": 0,
        "stages_count": 0
      },
      {
        "plan_id": "plan-1024",
        "resource_id": "plan:plan-1024",
        "title": "对敌东部目标群实施侦察行动方案",
        "description": "",
        "state": "DRAFT",
        "teams_count": 0,
        "stages_count": 0
      },
      {
        "plan_id": "plan-1025",
        "resource_id": "plan:plan-1025",
        "title": "东部区域敌目标侦察行动方案",
        "description": "",
        "state": "DRAFT",
        "teams_count": 0,
        "stages_count": 0
      },
      {
        "plan_id": "plan-1026",
        "resource_id": "plan:plan-1026",
        "title": "东部区域敌目标侦察行动方案",
        "description": "",
        "state": "DRAFT",
        "teams_count": 0,
        "stages_count": 0
      },
      {
        "plan_id": "plan-1027",
        "resource_id": "plan:plan-1027",
        "title": "区域B目标侦察确认行动方案",
        "description": "",
        "state": "DRAFT",
        "teams_count": 2,
        "stages_count": 3
      },
      {
        "plan_id": "plan-1028",
        "resource_id": "plan:plan-1028",
        "title": "区域B目标侦察确认行动方案",
        "description": "",
        "state": "DRAFT",
        "teams_count": 0,
        "stages_count": 0
      },
      {
        "plan_id": "plan-1029",
        "resource_id": "plan:plan-1029",
        "title": "区域B目标侦察确认行动方案",
        "description": "",
        "state": "DRAFT",
        "teams_count": 0,
        "stages_count": 0
      },
      {
        "plan_id": "plan-1030",
        "resource_id": "plan:plan-1030",
        "title": "区域B目标侦察确认行动方案",
        "description": "",
        "state": "DRAFT",
        "teams_count": 0,
        "stages_count": 0
      },
      {
        "plan_id": "plan-1031",
        "resource_id": "plan:plan-1031",
        "title": "区域B目标侦察确认行动方案",
        "description": "",
        "state": "DRAFT",
        "teams_count": 0,
        "stages_count": 0
      },
      {
        "plan_id": "plan-1032",
        "resource_id": "plan:plan-1032",
        "title": "区域B目标侦察确认行动方案",
        "description": "",
        "state": "DRAFT",
        "teams_count": 0,
        "stages_count": 0
      },
      {
        "plan_id": "plan-1033",
        "resource_id": "plan:plan-1033",
        "title": "区域B目标侦察确认行动方案",
        "description": "",
        "state": "DRAFT",
        "teams_count": 0,
        "stages_count": 0
      },
      {
        "plan_id": "plan-1034",
        "resource_id": "plan:plan-1034",
        "title": "侦察区域B军事目标行动方案",
        "description": "",
        "state": "DRAFT",
        "teams_count": 0,
        "stages_count": 0
      },
      {
        "plan_id": "plan-1035",
        "resource_id": "plan:plan-1035",
        "title": "侦察区域B军事目标行动方案",
        "description": "",
        "state": "DRAFT",
        "teams_count": 0,
        "stages_count": 0
      },
      {
        "plan_id": "plan-1036",
        "resource_id": "plan:plan-1036",
        "title": "侦察区域B军事目标行动方案",
        "description": "",
        "state": "DRAFT",
        "teams_count": 0,
        "stages_count": 0
      },
      {
        "plan_id": "plan-1037",
        "resource_id": "plan:plan-1037",
        "title": "侦察区域B军事目标行动方案",
        "description": "",
        "state": "DRAFT",
        "teams_count": 0,
        "stages_count": 0
      },
      {
        "plan_id": "plan-1038",
        "resource_id": "plan:plan-1038",
        "title": "侦察区域B军事目标行动方案",
        "description": "",
        "state": "DRAFT",
        "teams_count": 0,
        "stages_count": 0
      },
      {
        "plan_id": "plan-1039",
        "resource_id": "plan:plan-1039",
        "title": "侦察区域B军事目标行动方案",
        "description": "",
        "state": "DRAFT",
        "teams_count": 0,
        "stages_count": 0
      }
    ],
    "total": 21
  }
}
────────────────────────────────────────────────────────────

INFO:     127.0.0.1:59018 - "GET /api/v1/action-sequences/operator/plans/plan-1020 HTTP/1.1" 200 OK

────────────────────────────────────────────────────────────
[→ IN ] GET /api/v1/action-sequences/operator/plans/plan-1020 | client=127.0.0.1:59018 | status=200 | time=31.63ms
[Response Body]
{
  "code": 200,
  "message": "success",
  "data": {
    "plan_id": "plan-1020",
    "resource_id": "plan:plan-1020",
    "title": "对敌东部目标实施侦察行动方案",
    "description": "",
    "state": "DRAFT",
    "stages": [],
    "teams": [],
    "targets": [
      {
        "target_id": "task_target:target_21745b",
        "target_type": "facility",
        "target_name": "target_21745b:指挥所",
        "target_description": "敌方地下指挥所，需获取出入口精确坐标、掩体厚度估算、天线类型"
      },
      {
        "target_id": "task_target:target_3f499b",
        "target_type": "region",
        "target_name": "target_3f499b:区域B",
        "target_description": "敌方重要目标群所在区域，包含地下指挥所、火控雷达及弹药燃料混合存储点"
      },
      {
        "target_id": "task_target:target_42a32d",
        "target_type": "facility",
        "target_name": "target_42a32d:弹药燃料点",
        "target_description": "敌方弹药燃料混合存储点，需获取地表伪装物特征、通风口位置、是否有温控迹象"
      },
      {
        "target_id": "task_target:target_952809",
        "target_type": "position",
        "target_name": "target_952809:集结点A",
        "target_description": "人员集结、装备检查及任务出发位置"
      },
      {
        "target_id": "task_target:target_dd5787",
        "target_type": "vehicle",
        "target_name": "target_dd5787:火控雷达",
        "target_description": "敌方火控雷达，需获取雷达型号（或频段）、工作时段、车辆进出痕迹"
      }
    ],
    "car_actions": [],
    "vehicle_summary": [],
    "runtime_state": {
      "state": "SCHEDULED",
      "started_at": null,
      "paused_at": null,
      "updated_at": null
    }
  }
}
────────────────────────────────────────────────────────────

[AS-DEBUG] query_plans_operator: data is list, len=20, limit=20
INFO:     127.0.0.1:59038 - "GET /api/v1/action-sequences/operator/plans HTTP/1.1" 200 OK

────────────────────────────────────────────────────────────
[→ IN ] GET /api/v1/action-sequences/operator/plans | client=127.0.0.1:59038 | status=200 | time=74.06ms
[Response Body]
{
  "code": 200,
  "message": "success",
  "data": {
    "items": [
      {
        "plan_id": "FAKE_ACTION_SEQUENCE_LOCAL_001",
        "resource_id": "plan:FAKE_ACTION_SEQUENCE_LOCAL_001",
        "title": "行动序列参数调测方案-本地假数据",
        "description": "包含底盘、火力、侦打、巡逻、电磁、空地六类车型的全部协议元任务（不含整车模式、自定义打击、通信中继车）",
        "state": "DRAFT",
        "teams_count": 1,
        "stages_count": 1
      },
      {
        "plan_id": "plan-1020",
        "resource_id": "plan:plan-1020",
        "title": "对敌东部目标实施侦察行动方案",
        "description": "",
        "state": "DRAFT",
        "teams_count": 0,
        "stages_count": 0
      },
      {
        "plan_id": "plan-1021",
        "resource_id": "plan:plan-1021",
        "title": "东部方向侦察任务行动方案",
        "description": "",
        "state": "DRAFT",
        "teams_count": 0,
        "stages_count": 0
      },
      {
        "plan_id": "plan-1022",
        "resource_id": "plan:plan-1022",
        "title": "东部方向侦察任务行动方案",
        "description": "",
        "state": "DRAFT",
        "teams_count": 0,
        "stages_count": 0
      },
      {
        "plan_id": "plan-1023",
        "resource_id": "plan:plan-1023",
        "title": "东部方向侦察群任务命令行动方案",
        "description": "",
        "state": "DRAFT",
        "teams_count": 0,
        "stages_count": 0
      },
      {
        "plan_id": "plan-1024",
        "resource_id": "plan:plan-1024",
        "title": "对敌东部目标群实施侦察行动方案",
        "description": "",
        "state": "DRAFT",
        "teams_count": 0,
        "stages_count": 0
      },
      {
        "plan_id": "plan-1025",
        "resource_id": "plan:plan-1025",
        "title": "东部区域敌目标侦察行动方案",
        "description": "",
        "state": "DRAFT",
        "teams_count": 0,
        "stages_count": 0
      },
      {
        "plan_id": "plan-1026",
        "resource_id": "plan:plan-1026",
        "title": "东部区域敌目标侦察行动方案",
        "description": "",
        "state": "DRAFT",
        "teams_count": 0,
        "stages_count": 0
      },
      {
        "plan_id": "plan-1027",
        "resource_id": "plan:plan-1027",
        "title": "区域B目标侦察确认行动方案",
        "description": "",
        "state": "DRAFT",
        "teams_count": 2,
        "stages_count": 3
      },
      {
        "plan_id": "plan-1028",
        "resource_id": "plan:plan-1028",
        "title": "区域B目标侦察确认行动方案",
        "description": "",
        "state": "DRAFT",
        "teams_count": 0,
        "stages_count": 0
      },
      {
        "plan_id": "plan-1029",
        "resource_id": "plan:plan-1029",
        "title": "区域B目标侦察确认行动方案",
        "description": "",
        "state": "DRAFT",
        "teams_count": 0,
        "stages_count": 0
      },
      {
        "plan_id": "plan-1030",
        "resource_id": "plan:plan-1030",
        "title": "区域B目标侦察确认行动方案",
        "description": "",
        "state": "DRAFT",
        "teams_count": 0,
        "stages_count": 0
      },
      {
        "plan_id": "plan-1031",
        "resource_id": "plan:plan-1031",
        "title": "区域B目标侦察确认行动方案",
        "description": "",
        "state": "DRAFT",
        "teams_count": 0,
        "stages_count": 0
      },
      {
        "plan_id": "plan-1032",
        "resource_id": "plan:plan-1032",
        "title": "区域B目标侦察确认行动方案",
        "description": "",
        "state": "DRAFT",
        "teams_count": 0,
        "stages_count": 0
      },
      {
        "plan_id": "plan-1033",
        "resource_id": "plan:plan-1033",
        "title": "区域B目标侦察确认行动方案",
        "description": "",
        "state": "DRAFT",
        "teams_count": 0,
        "stages_count": 0
      },
      {
        "plan_id": "plan-1034",
        "resource_id": "plan:plan-1034",
        "title": "侦察区域B军事目标行动方案",
        "description": "",
        "state": "DRAFT",
        "teams_count": 0,
        "stages_count": 0
      },
      {
        "plan_id": "plan-1035",
        "resource_id": "plan:plan-1035",
        "title": "侦察区域B军事目标行动方案",
        "description": "",
        "state": "DRAFT",
        "teams_count": 0,
        "stages_count": 0
      },
      {
        "plan_id": "plan-1036",
        "resource_id": "plan:plan-1036",
        "title": "侦察区域B军事目标行动方案",
        "description": "",
        "state": "DRAFT",
        "teams_count": 0,
        "stages_count": 0
      },
      {
        "plan_id": "plan-1037",
        "resource_id": "plan:plan-1037",
        "title": "侦察区域B军事目标行动方案",
        "description": "",
        "state": "DRAFT",
        "teams_count": 0,
        "stages_count": 0
      },
      {
        "plan_id": "plan-1038",
        "resource_id": "plan:plan-1038",
        "title": "侦察区域B军事目标行动方案",
        "description": "",
        "state": "DRAFT",
        "teams_count": 0,
        "stages_count": 0
      },
      {
        "plan_id": "plan-1039",
        "resource_id": "plan:plan-1039",
        "title": "侦察区域B军事目标行动方案",
        "description": "",
        "state": "DRAFT",
        "teams_count": 0,
        "stages_count": 0
      }
    ],
    "total": 21
  }
}
────────────────────────────────────────────────────────────

INFO:     127.0.0.1:59042 - "GET /api/v1/action-sequences/operator/plans/plan-1020 HTTP/1.1" 200 OK

────────────────────────────────────────────────────────────
[→ IN ] GET /api/v1/action-sequences/operator/plans/plan-1020 | client=127.0.0.1:59042 | status=200 | time=30.07ms
[Response Body]
{
  "code": 200,
  "message": "success",
  "data": {
    "plan_id": "plan-1020",
    "resource_id": "plan:plan-1020",
    "title": "对敌东部目标实施侦察行动方案",
    "description": "",
    "state": "DRAFT",
    "stages": [],
    "teams": [],
    "targets": [
      {
        "target_id": "task_target:target_21745b",
        "target_type": "facility",
        "target_name": "target_21745b:指挥所",
        "target_description": "敌方地下指挥所，需获取出入口精确坐标、掩体厚度估算、天线类型"
      },
      {
        "target_id": "task_target:target_3f499b",
        "target_type": "region",
        "target_name": "target_3f499b:区域B",
        "target_description": "敌方重要目标群所在区域，包含地下指挥所、火控雷达及弹药燃料混合存储点"
      },
      {
        "target_id": "task_target:target_42a32d",
        "target_type": "facility",
        "target_name": "target_42a32d:弹药燃料点",
        "target_description": "敌方弹药燃料混合存储点，需获取地表伪装物特征、通风口位置、是否有温控迹象"
      },
      {
        "target_id": "task_target:target_952809",
        "target_type": "position",
        "target_name": "target_952809:集结点A",
        "target_description": "人员集结、装备检查及任务出发位置"
      },
      {
        "target_id": "task_target:target_dd5787",
        "target_type": "vehicle",
        "target_name": "target_dd5787:火控雷达",
        "target_description": "敌方火控雷达，需获取雷达型号（或频段）、工作时段、车辆进出痕迹"
      }
    ],
    "car_actions": [],
    "vehicle_summary": [],
    "runtime_state": {
      "state": "SCHEDULED",
      "started_at": null,
      "paused_at": null,
      "updated_at": null
    }
  }
}
────────────────────────────────────────────────────────────

[AS-DEBUG] query_plans_operator: data is list, len=20, limit=20
INFO:     127.0.0.1:59078 - "GET /api/v1/action-sequences/operator/plans HTTP/1.1" 200 OK

────────────────────────────────────────────────────────────
[→ IN ] GET /api/v1/action-sequences/operator/plans | client=127.0.0.1:59078 | status=200 | time=68.04ms
[Response Body]
{
  "code": 200,
  "message": "success",
  "data": {
    "items": [
      {
        "plan_id": "FAKE_ACTION_SEQUENCE_LOCAL_001",
        "resource_id": "plan:FAKE_ACTION_SEQUENCE_LOCAL_001",
        "title": "行动序列参数调测方案-本地假数据",
        "description": "包含底盘、火力、侦打、巡逻、电磁、空地六类车型的全部协议元任务（不含整车模式、自定义打击、通信中继车）",
        "state": "DRAFT",
        "teams_count": 1,
        "stages_count": 1
      },
      {
        "plan_id": "plan-1020",
        "resource_id": "plan:plan-1020",
        "title": "对敌东部目标实施侦察行动方案",
        "description": "",
        "state": "DRAFT",
        "teams_count": 0,
        "stages_count": 0
      },
      {
        "plan_id": "plan-1021",
        "resource_id": "plan:plan-1021",
        "title": "东部方向侦察任务行动方案",
        "description": "",
        "state": "DRAFT",
        "teams_count": 0,
        "stages_count": 0
      },
      {
        "plan_id": "plan-1022",
        "resource_id": "plan:plan-1022",
        "title": "东部方向侦察任务行动方案",
        "description": "",
        "state": "DRAFT",
        "teams_count": 0,
        "stages_count": 0
      },
      {
        "plan_id": "plan-1023",
        "resource_id": "plan:plan-1023",
        "title": "东部方向侦察群任务命令行动方案",
        "description": "",
        "state": "DRAFT",
        "teams_count": 0,
        "stages_count": 0
      },
      {
        "plan_id": "plan-1024",
        "resource_id": "plan:plan-1024",
        "title": "对敌东部目标群实施侦察行动方案",
        "description": "",
        "state": "DRAFT",
        "teams_count": 0,
        "stages_count": 0
      },
      {
        "plan_id": "plan-1025",
        "resource_id": "plan:plan-1025",
        "title": "东部区域敌目标侦察行动方案",
        "description": "",
        "state": "DRAFT",
        "teams_count": 0,
        "stages_count": 0
      },
      {
        "plan_id": "plan-1026",
        "resource_id": "plan:plan-1026",
        "title": "东部区域敌目标侦察行动方案",
        "description": "",
        "state": "DRAFT",
        "teams_count": 0,
        "stages_count": 0
      },
      {
        "plan_id": "plan-1027",
        "resource_id": "plan:plan-1027",
        "title": "区域B目标侦察确认行动方案",
        "description": "",
        "state": "DRAFT",
        "teams_count": 2,
        "stages_count": 3
      },
      {
        "plan_id": "plan-1028",
        "resource_id": "plan:plan-1028",
        "title": "区域B目标侦察确认行动方案",
        "description": "",
        "state": "DRAFT",
        "teams_count": 0,
        "stages_count": 0
      },
      {
        "plan_id": "plan-1029",
        "resource_id": "plan:plan-1029",
        "title": "区域B目标侦察确认行动方案",
        "description": "",
        "state": "DRAFT",
        "teams_count": 0,
        "stages_count": 0
      },
      {
        "plan_id": "plan-1030",
        "resource_id": "plan:plan-1030",
        "title": "区域B目标侦察确认行动方案",
        "description": "",
        "state": "DRAFT",
        "teams_count": 0,
        "stages_count": 0
      },
      {
        "plan_id": "plan-1031",
        "resource_id": "plan:plan-1031",
        "title": "区域B目标侦察确认行动方案",
        "description": "",
        "state": "DRAFT",
        "teams_count": 0,
        "stages_count": 0
      },
      {
        "plan_id": "plan-1032",
        "resource_id": "plan:plan-1032",
        "title": "区域B目标侦察确认行动方案",
        "description": "",
        "state": "DRAFT",
        "teams_count": 0,
        "stages_count": 0
      },
      {
        "plan_id": "plan-1033",
        "resource_id": "plan:plan-1033",
        "title": "区域B目标侦察确认行动方案",
        "description": "",
        "state": "DRAFT",
        "teams_count": 0,
        "stages_count": 0
      },
      {
        "plan_id": "plan-1034",
        "resource_id": "plan:plan-1034",
        "title": "侦察区域B军事目标行动方案",
        "description": "",
        "state": "DRAFT",
        "teams_count": 0,
        "stages_count": 0
      },
      {
        "plan_id": "plan-1035",
        "resource_id": "plan:plan-1035",
        "title": "侦察区域B军事目标行动方案",
        "description": "",
        "state": "DRAFT",
        "teams_count": 0,
        "stages_count": 0
      },
      {
        "plan_id": "plan-1036",
        "resource_id": "plan:plan-1036",
        "title": "侦察区域B军事目标行动方案",
        "description": "",
        "state": "DRAFT",
        "teams_count": 0,
        "stages_count": 0
      },
      {
        "plan_id": "plan-1037",
        "resource_id": "plan:plan-1037",
        "title": "侦察区域B军事目标行动方案",
        "description": "",
        "state": "DRAFT",
        "teams_count": 0,
        "stages_count": 0
      },
      {
        "plan_id": "plan-1038",
        "resource_id": "plan:plan-1038",
        "title": "侦察区域B军事目标行动方案",
        "description": "",
        "state": "DRAFT",
        "teams_count": 0,
        "stages_count": 0
      },
      {
        "plan_id": "plan-1039",
        "resource_id": "plan:plan-1039",
        "title": "侦察区域B军事目标行动方案",
        "description": "",
        "state": "DRAFT",
        "teams_count": 0,
        "stages_count": 0
      }
    ],
    "total": 21
  }
}
────────────────────────────────────────────────────────────

INFO:     127.0.0.1:59081 - "GET /api/v1/action-sequences/operator/plans/plan-1020 HTTP/1.1" 200 OK

────────────────────────────────────────────────────────────
[→ IN ] GET /api/v1/action-sequences/operator/plans/plan-1020 | client=127.0.0.1:59081 | status=200 | time=50.58ms
[Response Body]
{
  "code": 200,
  "message": "success",
  "data": {
    "plan_id": "plan-1020",
    "resource_id": "plan:plan-1020",
    "title": "对敌东部目标实施侦察行动方案",
    "description": "",
    "state": "DRAFT",
    "stages": [],
    "teams": [],
    "targets": [
      {
        "target_id": "task_target:target_21745b",
        "target_type": "facility",
        "target_name": "target_21745b:指挥所",
        "target_description": "敌方地下指挥所，需获取出入口精确坐标、掩体厚度估算、天线类型"
      },
      {
        "target_id": "task_target:target_3f499b",
        "target_type": "region",
        "target_name": "target_3f499b:区域B",
        "target_description": "敌方重要目标群所在区域，包含地下指挥所、火控雷达及弹药燃料混合存储点"
      },
      {
        "target_id": "task_target:target_42a32d",
        "target_type": "facility",
        "target_name": "target_42a32d:弹药燃料点",
        "target_description": "敌方弹药燃料混合存储点，需获取地表伪装物特征、通风口位置、是否有温控迹象"
      },
      {
        "target_id": "task_target:target_952809",
        "target_type": "position",
        "target_name": "target_952809:集结点A",
        "target_description": "人员集结、装备检查及任务出发位置"
      },
      {
        "target_id": "task_target:target_dd5787",
        "target_type": "vehicle",
        "target_name": "target_dd5787:火控雷达",
        "target_description": "敌方火控雷达，需获取雷达型号（或频段）、工作时段、车辆进出痕迹"
      }
    ],
    "car_actions": [],
    "vehicle_summary": [],
    "runtime_state": {
      "state": "SCHEDULED",
      "started_at": null,
      "paused_at": null,
      "updated_at": null
    }
  }
}
────────────────────────────────────────────────────────────

[AS-DEBUG] query_plans_operator: data is list, len=20, limit=20
INFO:     127.0.0.1:59091 - "GET /api/v1/action-sequences/operator/plans HTTP/1.1" 200 OK

────────────────────────────────────────────────────────────
[→ IN ] GET /api/v1/action-sequences/operator/plans | client=127.0.0.1:59091 | status=200 | time=90.83ms
[Response Body]
{
  "code": 200,
  "message": "success",
  "data": {
    "items": [
      {
        "plan_id": "FAKE_ACTION_SEQUENCE_LOCAL_001",
        "resource_id": "plan:FAKE_ACTION_SEQUENCE_LOCAL_001",
        "title": "行动序列参数调测方案-本地假数据",
        "description": "包含底盘、火力、侦打、巡逻、电磁、空地六类车型的全部协议元任务（不含整车模式、自定义打击、通信中继车）",
        "state": "DRAFT",
        "teams_count": 1,
        "stages_count": 1
      },
      {
        "plan_id": "plan-1020",
        "resource_id": "plan:plan-1020",
        "title": "对敌东部目标实施侦察行动方案",
        "description": "",
        "state": "DRAFT",
        "teams_count": 0,
        "stages_count": 0
      },
      {
        "plan_id": "plan-1021",
        "resource_id": "plan:plan-1021",
        "title": "东部方向侦察任务行动方案",
        "description": "",
        "state": "DRAFT",
        "teams_count": 0,
        "stages_count": 0
      },
      {
        "plan_id": "plan-1022",
        "resource_id": "plan:plan-1022",
        "title": "东部方向侦察任务行动方案",
        "description": "",
        "state": "DRAFT",
        "teams_count": 0,
        "stages_count": 0
      },
      {
        "plan_id": "plan-1023",
        "resource_id": "plan:plan-1023",
        "title": "东部方向侦察群任务命令行动方案",
        "description": "",
        "state": "DRAFT",
        "teams_count": 0,
        "stages_count": 0
      },
      {
        "plan_id": "plan-1024",
        "resource_id": "plan:plan-1024",
        "title": "对敌东部目标群实施侦察行动方案",
        "description": "",
        "state": "DRAFT",
        "teams_count": 0,
        "stages_count": 0
      },
      {
        "plan_id": "plan-1025",
        "resource_id": "plan:plan-1025",
        "title": "东部区域敌目标侦察行动方案",
        "description": "",
        "state": "DRAFT",
        "teams_count": 0,
        "stages_count": 0
      },
      {
        "plan_id": "plan-1026",
        "resource_id": "plan:plan-1026",
        "title": "东部区域敌目标侦察行动方案",
        "description": "",
        "state": "DRAFT",
        "teams_count": 0,
        "stages_count": 0
      },
      {
        "plan_id": "plan-1027",
        "resource_id": "plan:plan-1027",
        "title": "区域B目标侦察确认行动方案",
        "description": "",
        "state": "DRAFT",
        "teams_count": 2,
        "stages_count": 3
      },
      {
        "plan_id": "plan-1028",
        "resource_id": "plan:plan-1028",
        "title": "区域B目标侦察确认行动方案",
        "description": "",
        "state": "DRAFT",
        "teams_count": 0,
        "stages_count": 0
      },
      {
        "plan_id": "plan-1029",
        "resource_id": "plan:plan-1029",
        "title": "区域B目标侦察确认行动方案",
        "description": "",
        "state": "DRAFT",
        "teams_count": 0,
        "stages_count": 0
      },
      {
        "plan_id": "plan-1030",
        "resource_id": "plan:plan-1030",
        "title": "区域B目标侦察确认行动方案",
        "description": "",
        "state": "DRAFT",
        "teams_count": 0,
        "stages_count": 0
      },
      {
        "plan_id": "plan-1031",
        "resource_id": "plan:plan-1031",
        "title": "区域B目标侦察确认行动方案",
        "description": "",
        "state": "DRAFT",
        "teams_count": 0,
        "stages_count": 0
      },
      {
        "plan_id": "plan-1032",
        "resource_id": "plan:plan-1032",
        "title": "区域B目标侦察确认行动方案",
        "description": "",
        "state": "DRAFT",
        "teams_count": 0,
        "stages_count": 0
      },
      {
        "plan_id": "plan-1033",
        "resource_id": "plan:plan-1033",
        "title": "区域B目标侦察确认行动方案",
        "description": "",
        "state": "DRAFT",
        "teams_count": 0,
        "stages_count": 0
      },
      {
        "plan_id": "plan-1034",
        "resource_id": "plan:plan-1034",
        "title": "侦察区域B军事目标行动方案",
        "description": "",
        "state": "DRAFT",
        "teams_count": 0,
        "stages_count": 0
      },
      {
        "plan_id": "plan-1035",
        "resource_id": "plan:plan-1035",
        "title": "侦察区域B军事目标行动方案",
        "description": "",
        "state": "DRAFT",
        "teams_count": 0,
        "stages_count": 0
      },
      {
        "plan_id": "plan-1036",
        "resource_id": "plan:plan-1036",
        "title": "侦察区域B军事目标行动方案",
        "description": "",
        "state": "DRAFT",
        "teams_count": 0,
        "stages_count": 0
      },
      {
        "plan_id": "plan-1037",
        "resource_id": "plan:plan-1037",
        "title": "侦察区域B军事目标行动方案",
        "description": "",
        "state": "DRAFT",
        "teams_count": 0,
        "stages_count": 0
      },
      {
        "plan_id": "plan-1038",
        "resource_id": "plan:plan-1038",
        "title": "侦察区域B军事目标行动方案",
        "description": "",
        "state": "DRAFT",
        "teams_count": 0,
        "stages_count": 0
      },
      {
        "plan_id": "plan-1039",
        "resource_id": "plan:plan-1039",
        "title": "侦察区域B军事目标行动方案",
        "description": "",
        "state": "DRAFT",
        "teams_count": 0,
        "stages_count": 0
      }
    ],
    "total": 21
  }
}
────────────────────────────────────────────────────────────

INFO:     127.0.0.1:59098 - "GET /api/v1/action-sequences/operator/plans/plan-1020 HTTP/1.1" 200 OK
INFO:     Shutting down
INFO:     Waiting for application shutdown.
INFO:     Application shutdown complete.
INFO:     Finished server process [76286]
